stm32l0xx_hal_rcc_ex.c:122:19:HAL_RCCEx_PeriphCLKConfig	32	static
stm32l0xx_hal_rcc_ex.c:319:6:HAL_RCCEx_GetPeriphCLKConfig	24	static
stm32l0xx_hal_rcc_ex.c:397:10:HAL_RCCEx_GetPeriphCLKFreq	48	static
stm32l0xx_hal_rcc_ex.c:697:6:HAL_RCCEx_EnableLSECSS	8	static
stm32l0xx_hal_rcc_ex.c:709:6:HAL_RCCEx_DisableLSECSS	8	static
stm32l0xx_hal_rcc_ex.c:723:6:HAL_RCCEx_EnableLSECSS_IT	8	static
stm32l0xx_hal_rcc_ex.c:740:6:HAL_RCCEx_LSECSS_IRQHandler	8	static
stm32l0xx_hal_rcc_ex.c:757:13:HAL_RCCEx_LSECSS_Callback	8	static
stm32l0xx_hal_rcc_ex.c:770:6:HAL_RCCEx_EnableHSI48_VREFINT	8	static
stm32l0xx_hal_rcc_ex.c:781:6:HAL_RCCEx_DisableHSI48_VREFINT	8	static
stm32l0xx_hal_rcc_ex.c:864:6:HAL_RCCEx_CRSConfig	24	static
stm32l0xx_hal_rcc_ex.c:906:6:HAL_RCCEx_CRSSoftwareSynchronizationGenerate	8	static
stm32l0xx_hal_rcc_ex.c:916:6:HAL_RCCEx_CRSGetSynchronizationInfo	16	static
stm32l0xx_hal_rcc_ex.c:949:10:HAL_RCCEx_CRSWaitSynchronization	24	static
stm32l0xx_hal_rcc_ex.c:1032:6:HAL_RCCEx_CRS_IRQHandler	24	static
stm32l0xx_hal_rcc_ex.c:1097:13:HAL_RCCEx_CRS_SyncOkCallback	8	static
stm32l0xx_hal_rcc_ex.c:1108:13:HAL_RCCEx_CRS_SyncWarnCallback	8	static
stm32l0xx_hal_rcc_ex.c:1119:13:HAL_RCCEx_CRS_ExpectedSyncCallback	8	static
stm32l0xx_hal_rcc_ex.c:1135:13:HAL_RCCEx_CRS_ErrorCallback	16	static
