stm32l0xx_hal_smbus.c:229:19:HAL_SMBUS_Init	16	static
stm32l0xx_hal_smbus.c:331:19:HAL_SMBUS_DeInit	16	static
stm32l0xx_hal_smbus.c:366:13:HAL_SMBUS_MspInit	16	static
stm32l0xx_hal_smbus.c:382:13:HAL_SMBUS_MspDeInit	16	static
stm32l0xx_hal_smbus.c:450:19:HAL_SMBUS_Master_Transmit_IT	40	static
stm32l0xx_hal_smbus.c:543:19:HAL_SMBUS_Master_Receive_IT	40	static
stm32l0xx_hal_smbus.c:627:19:HAL_SMBUS_Master_Abort_IT	24	static
stm32l0xx_hal_smbus.c:688:19:HAL_SMBUS_Slave_Transmit_IT	32	static
stm32l0xx_hal_smbus.c:781:19:HAL_SMBUS_Slave_Receive_IT	32	static
stm32l0xx_hal_smbus.c:858:19:HAL_SMBUS_EnableListen_IT	16	static
stm32l0xx_hal_smbus.c:874:19:HAL_SMBUS_DisableListen_IT	16	static
stm32l0xx_hal_smbus.c:898:19:HAL_SMBUS_EnableAlert_IT	16	static
stm32l0xx_hal_smbus.c:917:19:HAL_SMBUS_DisableAlert_IT	16	static
stm32l0xx_hal_smbus.c:938:19:HAL_SMBUS_IsDeviceReady	32	static
stm32l0xx_hal_smbus.c:1059:6:HAL_SMBUS_EV_IRQHandler	24	static
stm32l0xx_hal_smbus.c:1114:6:HAL_SMBUS_ER_IRQHandler	16	static
stm32l0xx_hal_smbus.c:1197:13:HAL_SMBUS_MasterTxCpltCallback	16	static
stm32l0xx_hal_smbus.c:1213:13:HAL_SMBUS_MasterRxCpltCallback	16	static
stm32l0xx_hal_smbus.c:1228:13:HAL_SMBUS_SlaveTxCpltCallback	16	static
stm32l0xx_hal_smbus.c:1244:13:HAL_SMBUS_SlaveRxCpltCallback	16	static
stm32l0xx_hal_smbus.c:1262:13:HAL_SMBUS_AddrCallback	16	static
stm32l0xx_hal_smbus.c:1280:13:HAL_SMBUS_ListenCpltCallback	16	static
stm32l0xx_hal_smbus.c:1296:13:HAL_SMBUS_ErrorCallback	16	static
stm32l0xx_hal_smbus.c:1331:10:HAL_SMBUS_GetState	16	static
stm32l0xx_hal_smbus.c:1343:10:HAL_SMBUS_GetError	16	static
stm32l0xx_hal_smbus.c:1367:26:SMBUS_Master_ISR	40	static
stm32l0xx_hal_smbus.c:1576:26:SMBUS_Slave_ISR	32	static
stm32l0xx_hal_smbus.c:1793:26:SMBUS_Enable_IRQ	24	static
stm32l0xx_hal_smbus.c:1835:26:SMBUS_Disable_IRQ	24	static
stm32l0xx_hal_smbus.c:1911:26:SMBUS_WaitOnFlagUntilTimeout	32	static
stm32l0xx_hal_smbus.c:1979:13:SMBUS_TransferConfig	32	static
stm32l0xx_hal_smbus.c:2007:13:SMBUS_ConvertOtherXferOptions	16	static
