stm32l0xx_hal_flash_ex.c:189:19:HAL_FLASHEx_Erase	32	static
stm32l0xx_hal_flash_ex.c:253:19:HAL_FLASHEx_Erase_IT	32	static
stm32l0xx_hal_flash_ex.c:345:19:HAL_FLASHEx_OBProgram	32	static
stm32l0xx_hal_flash_ex.c:428:6:HAL_FLASHEx_OBGetConfig	16	static
stm32l0xx_hal_flash_ex.c:461:19:HAL_FLASHEx_AdvOBProgram	32	static
stm32l0xx_hal_flash_ex.c:504:6:HAL_FLASHEx_AdvOBGetConfig	16	static
stm32l0xx_hal_flash_ex.c:544:19:HAL_FLASHEx_OB_SelectPCROP	32	static
stm32l0xx_hal_flash_ex.c:586:19:HAL_FLASHEx_OB_DeSelectPCROP	32	static
stm32l0xx_hal_flash_ex.c:652:19:HAL_FLASHEx_DATAEEPROM_Unlock	8	static
stm32l0xx_hal_flash_ex.c:671:19:HAL_FLASHEx_DATAEEPROM_Lock	8	static
stm32l0xx_hal_flash_ex.c:689:19:HAL_FLASHEx_DATAEEPROM_Erase	32	static
stm32l0xx_hal_flash_ex.c:731:21:HAL_FLASHEx_DATAEEPROM_Program	40	static
stm32l0xx_hal_flash_ex.c:787:6:HAL_FLASHEx_DATAEEPROM_EnableFixedTimeProgram	8	static
stm32l0xx_hal_flash_ex.c:796:6:HAL_FLASHEx_DATAEEPROM_DisableFixedTimeProgram	8	static
stm32l0xx_hal_flash_ex.c:832:26:FLASH_OB_RDPConfig	40	static
stm32l0xx_hal_flash_ex.c:883:26:FLASH_OB_BORConfig	40	static
stm32l0xx_hal_flash_ex.c:925:27:FLASH_OB_BOOTBit1Config	40	static
stm32l0xx_hal_flash_ex.c:960:16:FLASH_OB_GetUser	8	static
stm32l0xx_hal_flash_ex.c:974:16:FLASH_OB_GetRDP	8	static
stm32l0xx_hal_flash_ex.c:983:16:FLASH_OB_GetBOR	8	static
stm32l0xx_hal_flash_ex.c:993:16:FLASH_OB_GetBOOTBit1	8	static
stm32l0xx_hal_flash_ex.c:1004:17:FLASH_OB_GetWRP	8	static
stm32l0xx_hal_flash_ex.c:1015:17:FLASH_OB_GetWRP2	8	static
stm32l0xx_hal_flash_ex.c:1033:26:FLASH_OB_ProtectedSectorsConfig	48	static
stm32l0xx_hal_flash_ex.c:1138:26:FLASH_OB_UserConfig	40	static
stm32l0xx_hal_flash_ex.c:1184:26:FLASH_OB_BootConfig	40	static
stm32l0xx_hal_flash_ex.c:1244:6:FLASH_PageErase	16	static
