stm32l0xx_hal_smartcard.c:253:19:HAL_SMARTCARD_Init	16	static
stm32l0xx_hal_smartcard.c:311:19:HAL_SMARTCARD_DeInit	16	static
stm32l0xx_hal_smartcard.c:352:13:HAL_SMARTCARD_MspInit	16	static
stm32l0xx_hal_smartcard.c:368:13:HAL_SMARTCARD_MspDeInit	16	static
stm32l0xx_hal_smartcard.c:469:19:HAL_SMARTCARD_Transmit	40	static
stm32l0xx_hal_smartcard.c:549:19:HAL_SMARTCARD_Receive	40	static
stm32l0xx_hal_smartcard.c:607:19:HAL_SMARTCARD_Transmit_IT	24	static
stm32l0xx_hal_smartcard.c:663:19:HAL_SMARTCARD_Receive_IT	24	static
stm32l0xx_hal_smartcard.c:708:19:HAL_SMARTCARD_Transmit_DMA	24	static
stm32l0xx_hal_smartcard.c:782:19:HAL_SMARTCARD_Receive_DMA	24	static
stm32l0xx_hal_smartcard.c:847:19:HAL_SMARTCARD_Abort	16	static
stm32l0xx_hal_smartcard.c:915:19:HAL_SMARTCARD_AbortTransmit	16	static
stm32l0xx_hal_smartcard.c:968:19:HAL_SMARTCARD_AbortReceive	16	static
stm32l0xx_hal_smartcard.c:1023:19:HAL_SMARTCARD_Abort_IT	24	static
stm32l0xx_hal_smartcard.c:1149:19:HAL_SMARTCARD_AbortTransmit_IT	16	static
stm32l0xx_hal_smartcard.c:1225:19:HAL_SMARTCARD_AbortReceive_IT	16	static
stm32l0xx_hal_smartcard.c:1295:6:HAL_SMARTCARD_IRQHandler	32	static
stm32l0xx_hal_smartcard.c:1501:13:HAL_SMARTCARD_TxCpltCallback	16	static
stm32l0xx_hal_smartcard.c:1517:13:HAL_SMARTCARD_RxCpltCallback	16	static
stm32l0xx_hal_smartcard.c:1533:13:HAL_SMARTCARD_ErrorCallback	16	static
stm32l0xx_hal_smartcard.c:1549:13:HAL_SMARTCARD_AbortCpltCallback	16	static
stm32l0xx_hal_smartcard.c:1565:13:HAL_SMARTCARD_AbortTransmitCpltCallback	16	static
stm32l0xx_hal_smartcard.c:1581:13:HAL_SMARTCARD_AbortReceiveCpltCallback	16	static
stm32l0xx_hal_smartcard.c:1620:28:HAL_SMARTCARD_GetState	24	static
stm32l0xx_hal_smartcard.c:1636:10:HAL_SMARTCARD_GetError	16	static
stm32l0xx_hal_smartcard.c:1659:26:SMARTCARD_SetConfig	32	static
stm32l0xx_hal_smartcard.c:1764:13:SMARTCARD_AdvFeatureConfig	16	static
stm32l0xx_hal_smartcard.c:1826:26:SMARTCARD_CheckIdleState	32	static
stm32l0xx_hal_smartcard.c:1877:26:SMARTCARD_WaitOnFlagUntilTimeout	24	static
stm32l0xx_hal_smartcard.c:1910:13:SMARTCARD_EndTxTransfer	16	static
stm32l0xx_hal_smartcard.c:1927:13:SMARTCARD_EndRxTransfer	16	static
stm32l0xx_hal_smartcard.c:1944:13:SMARTCARD_DMATransmitCplt	24	static
stm32l0xx_hal_smartcard.c:1963:13:SMARTCARD_DMAReceiveCplt	24	static
stm32l0xx_hal_smartcard.c:1988:13:SMARTCARD_DMAError	24	static
stm32l0xx_hal_smartcard.c:2018:13:SMARTCARD_DMAAbortOnError	24	static
stm32l0xx_hal_smartcard.c:2035:13:SMARTCARD_DMATxAbortCallback	24	static
stm32l0xx_hal_smartcard.c:2077:13:SMARTCARD_DMARxAbortCallback	24	static
stm32l0xx_hal_smartcard.c:2119:13:SMARTCARD_DMATxOnlyAbortCallback	24	static
stm32l0xx_hal_smartcard.c:2143:13:SMARTCARD_DMARxOnlyAbortCallback	24	static
stm32l0xx_hal_smartcard.c:2167:26:SMARTCARD_Transmit_IT	16	static
stm32l0xx_hal_smartcard.c:2202:26:SMARTCARD_EndTransmit_IT	16	static
stm32l0xx_hal_smartcard.c:2240:26:SMARTCARD_Receive_IT	16	static
