stm32l0xx_hal_pwr.c:96:6:HAL_PWR_DeInit	8	static
stm32l0xx_hal_pwr.c:342:6:HAL_PWR_EnableBkUpAccess	8	static
stm32l0xx_hal_pwr.c:355:6:HAL_PWR_DisableBkUpAccess	8	static
stm32l0xx_hal_pwr.c:370:6:HAL_PWR_ConfigPVD	16	static
stm32l0xx_hal_pwr.c:413:6:HAL_PWR_EnablePVD	8	static
stm32l0xx_hal_pwr.c:423:6:HAL_PWR_DisablePVD	8	static
stm32l0xx_hal_pwr.c:438:6:HAL_PWR_EnableWakeUpPin	16	static
stm32l0xx_hal_pwr.c:455:6:HAL_PWR_DisableWakeUpPin	16	static
stm32l0xx_hal_pwr.c:478:6:HAL_PWR_EnterSLEEPMode	24	static
stm32l0xx_hal_pwr.c:539:6:HAL_PWR_EnterSTOPMode	24	static
stm32l0xx_hal_pwr.c:594:6:HAL_PWR_EnterSTANDBYMode	8	static
stm32l0xx_hal_pwr.c:618:6:HAL_PWR_EnableSleepOnExit	8	static
stm32l0xx_hal_pwr.c:631:6:HAL_PWR_DisableSleepOnExit	8	static
stm32l0xx_hal_pwr.c:644:6:HAL_PWR_EnableSEVOnPend	8	static
stm32l0xx_hal_pwr.c:657:6:HAL_PWR_DisableSEVOnPend	8	static
stm32l0xx_hal_pwr.c:668:6:HAL_PWR_PVD_IRQHandler	8	static
stm32l0xx_hal_pwr.c:685:13:HAL_PWR_PVDCallback	8	static
