stm32l0xx_hal.c:167:19:HAL_Init	8	static
stm32l0xx_hal.c:199:19:HAL_DeInit	8	static
stm32l0xx_hal.c:225:13:HAL_MspInit	8	static
stm32l0xx_hal.c:236:13:HAL_MspDeInit	8	static
stm32l0xx_hal.c:260:26:HAL_InitTick	16	static
stm32l0xx_hal.c:307:13:HAL_IncTick	8	static
stm32l0xx_hal.c:318:17:HAL_GetTick	8	static
stm32l0xx_hal.c:333:13:HAL_Delay	24	static
stm32l0xx_hal.c:352:13:HAL_SuspendTick	8	static
stm32l0xx_hal.c:368:13:HAL_ResumeTick	8	static
stm32l0xx_hal.c:378:10:HAL_GetHalVersion	8	static
stm32l0xx_hal.c:387:10:HAL_GetREVID	8	static
stm32l0xx_hal.c:396:10:HAL_GetDEVID	8	static
stm32l0xx_hal.c:405:6:HAL_DBGMCU_EnableDBGSleepMode	8	static
stm32l0xx_hal.c:414:6:HAL_DBGMCU_DisableDBGSleepMode	8	static
stm32l0xx_hal.c:423:6:HAL_DBGMCU_EnableDBGStopMode	8	static
stm32l0xx_hal.c:432:6:HAL_DBGMCU_DisableDBGStopMode	8	static
stm32l0xx_hal.c:441:6:HAL_DBGMCU_EnableDBGStandbyMode	8	static
stm32l0xx_hal.c:450:6:HAL_DBGMCU_DisableDBGStandbyMode	8	static
stm32l0xx_hal.c:464:6:HAL_DBGMCU_DBG_EnableLowPowerConfig	16	static
stm32l0xx_hal.c:481:6:HAL_DBGMCU_DBG_DisableLowPowerConfig	16	static
stm32l0xx_hal.c:498:11:HAL_SYSCFG_GetBootMode	8	static
stm32l0xx_hal.c:515:6:HAL_SYSCFG_VREFINT_OutputSelect	16	static
stm32l0xx_hal.c:529:6:HAL_SYSCFG_Enable_Lock_VREFINT	8	static
stm32l0xx_hal.c:539:6:HAL_SYSCFG_Disable_Lock_VREFINT	8	static
