stm32l0xx_hal_usart.c:203:19:HAL_USART_Init	16	static
stm32l0xx_hal_usart.c:252:19:HAL_USART_DeInit	16	static
stm32l0xx_hal_usart.c:286:13:HAL_USART_MspInit	16	static
stm32l0xx_hal_usart.c:301:13:HAL_USART_MspDeInit	16	static
stm32l0xx_hal_usart.c:402:19:HAL_USART_Transmit	40	static
stm32l0xx_hal_usart.c:489:19:HAL_USART_Receive	48	static
stm32l0xx_hal_usart.c:589:19:HAL_USART_TransmitReceive	48	static
stm32l0xx_hal_usart.c:696:19:HAL_USART_Transmit_IT	24	static
stm32l0xx_hal_usart.c:758:19:HAL_USART_Receive_IT	24	static
stm32l0xx_hal_usart.c:829:19:HAL_USART_TransmitReceive_IT	24	static
stm32l0xx_hal_usart.c:897:19:HAL_USART_Transmit_DMA	32	static
stm32l0xx_hal_usart.c:974:19:HAL_USART_Receive_DMA	32	static
stm32l0xx_hal_usart.c:1069:19:HAL_USART_TransmitReceive_DMA	32	static
stm32l0xx_hal_usart.c:1164:19:HAL_USART_DMAPause	16	static
stm32l0xx_hal_usart.c:1205:19:HAL_USART_DMAResume	16	static
stm32l0xx_hal_usart.c:1243:19:HAL_USART_DMAStop	16	static
stm32l0xx_hal_usart.c:1285:19:HAL_USART_Abort	16	static
stm32l0xx_hal_usart.c:1353:19:HAL_USART_Abort_IT	24	static
stm32l0xx_hal_usart.c:1468:6:HAL_USART_IRQHandler	32	static
stm32l0xx_hal_usart.c:1642:13:HAL_USART_TxCpltCallback	16	static
stm32l0xx_hal_usart.c:1657:13:HAL_USART_TxHalfCpltCallback	16	static
stm32l0xx_hal_usart.c:1672:13:HAL_USART_RxCpltCallback	16	static
stm32l0xx_hal_usart.c:1687:13:HAL_USART_RxHalfCpltCallback	16	static
stm32l0xx_hal_usart.c:1702:13:HAL_USART_TxRxCpltCallback	16	static
stm32l0xx_hal_usart.c:1717:13:HAL_USART_ErrorCallback	16	static
stm32l0xx_hal_usart.c:1732:13:HAL_USART_AbortCpltCallback	16	static
stm32l0xx_hal_usart.c:1769:24:HAL_USART_GetState	16	static
stm32l0xx_hal_usart.c:1780:10:HAL_USART_GetError	16	static
stm32l0xx_hal_usart.c:1802:13:USART_EndTransfer	16	static
stm32l0xx_hal_usart.c:1818:13:USART_DMATransmitCplt	24	static
stm32l0xx_hal_usart.c:1852:13:USART_DMATxHalfCplt	24	static
stm32l0xx_hal_usart.c:1864:13:USART_DMAReceiveCplt	24	static
stm32l0xx_hal_usart.c:1916:13:USART_DMARxHalfCplt	24	static
stm32l0xx_hal_usart.c:1928:13:USART_DMAError	24	static
stm32l0xx_hal_usart.c:1948:13:USART_DMAAbortOnError	24	static
stm32l0xx_hal_usart.c:1965:13:USART_DMATxAbortCallback	24	static
stm32l0xx_hal_usart.c:2006:13:USART_DMARxAbortCallback	24	static
stm32l0xx_hal_usart.c:2048:26:USART_WaitOnFlagUntilTimeout	24	static
stm32l0xx_hal_usart.c:2079:26:USART_SetConfig	32	static
stm32l0xx_hal_usart.c:2161:26:USART_CheckIdleState	32	static
stm32l0xx_hal_usart.c:2209:26:USART_Transmit_IT	24	static
stm32l0xx_hal_usart.c:2257:26:USART_EndTransmit_IT	16	static
stm32l0xx_hal_usart.c:2281:26:USART_Receive_IT	24	static
stm32l0xx_hal_usart.c:2333:26:USART_TransmitReceive_IT	24	static
