stm32l0xx_hal_irda.c:257:19:HAL_IRDA_Init	16	static
stm32l0xx_hal_irda.c:310:19:HAL_IRDA_DeInit	16	static
stm32l0xx_hal_irda.c:344:13:HAL_IRDA_MspInit	16	static
stm32l0xx_hal_irda.c:360:13:HAL_IRDA_MspDeInit	16	static
stm32l0xx_hal_irda.c:468:19:HAL_IRDA_Transmit	40	static
stm32l0xx_hal_irda.c:555:19:HAL_IRDA_Receive	48	static
stm32l0xx_hal_irda.c:644:19:HAL_IRDA_Transmit_IT	24	static
stm32l0xx_hal_irda.c:701:19:HAL_IRDA_Receive_IT	24	static
stm32l0xx_hal_irda.c:765:19:HAL_IRDA_Transmit_DMA	24	static
stm32l0xx_hal_irda.c:843:19:HAL_IRDA_Receive_DMA	24	static
stm32l0xx_hal_irda.c:916:19:HAL_IRDA_DMAPause	16	static
stm32l0xx_hal_irda.c:950:19:HAL_IRDA_DMAResume	16	static
stm32l0xx_hal_irda.c:985:19:HAL_IRDA_DMAStop	16	static
stm32l0xx_hal_irda.c:1040:19:HAL_IRDA_Abort	16	static
stm32l0xx_hal_irda.c:1108:19:HAL_IRDA_AbortTransmit	16	static
stm32l0xx_hal_irda.c:1151:19:HAL_IRDA_AbortReceive	16	static
stm32l0xx_hal_irda.c:1200:19:HAL_IRDA_Abort_IT	24	static
stm32l0xx_hal_irda.c:1326:19:HAL_IRDA_AbortTransmit_IT	16	static
stm32l0xx_hal_irda.c:1392:19:HAL_IRDA_AbortReceive_IT	16	static
stm32l0xx_hal_irda.c:1456:6:HAL_IRDA_IRQHandler	32	static
stm32l0xx_hal_irda.c:1598:13:HAL_IRDA_TxCpltCallback	16	static
stm32l0xx_hal_irda.c:1614:13:HAL_IRDA_TxHalfCpltCallback	16	static
stm32l0xx_hal_irda.c:1630:13:HAL_IRDA_RxCpltCallback	16	static
stm32l0xx_hal_irda.c:1646:13:HAL_IRDA_RxHalfCpltCallback	16	static
stm32l0xx_hal_irda.c:1662:13:HAL_IRDA_ErrorCallback	16	static
stm32l0xx_hal_irda.c:1678:13:HAL_IRDA_AbortCpltCallback	16	static
stm32l0xx_hal_irda.c:1694:13:HAL_IRDA_AbortTransmitCpltCallback	16	static
stm32l0xx_hal_irda.c:1710:13:HAL_IRDA_AbortReceiveCpltCallback	16	static
stm32l0xx_hal_irda.c:1749:23:HAL_IRDA_GetState	24	static
stm32l0xx_hal_irda.c:1765:10:HAL_IRDA_GetError	16	static
stm32l0xx_hal_irda.c:1788:26:IRDA_SetConfig	32	static
stm32l0xx_hal_irda.c:1851:26:IRDA_CheckIdleState	32	static
stm32l0xx_hal_irda.c:1902:26:IRDA_WaitOnFlagUntilTimeout	24	static
stm32l0xx_hal_irda.c:1935:13:IRDA_EndTxTransfer	16	static
stm32l0xx_hal_irda.c:1951:13:IRDA_EndRxTransfer	16	static
stm32l0xx_hal_irda.c:1968:13:IRDA_DMATransmitCplt	24	static
stm32l0xx_hal_irda.c:1998:13:IRDA_DMATransmitHalfCplt	24	static
stm32l0xx_hal_irda.c:2011:13:IRDA_DMAReceiveCplt	24	static
stm32l0xx_hal_irda.c:2041:13:IRDA_DMAReceiveHalfCplt	24	static
stm32l0xx_hal_irda.c:2054:13:IRDA_DMAError	24	static
stm32l0xx_hal_irda.c:2084:13:IRDA_DMAAbortOnError	24	static
stm32l0xx_hal_irda.c:2101:13:IRDA_DMATxAbortCallback	24	static
stm32l0xx_hal_irda.c:2143:13:IRDA_DMARxAbortCallback	24	static
stm32l0xx_hal_irda.c:2185:13:IRDA_DMATxOnlyAbortCallback	24	static
stm32l0xx_hal_irda.c:2206:13:IRDA_DMARxOnlyAbortCallback	24	static
stm32l0xx_hal_irda.c:2230:26:IRDA_Transmit_IT	24	static
stm32l0xx_hal_irda.c:2276:26:IRDA_EndTransmit_IT	16	static
stm32l0xx_hal_irda.c:2297:26:IRDA_Receive_IT	24	static
