stm32l0xx_hal_rtc_ex.c:171:19:HAL_RTCEx_SetTimeStamp	32	static
stm32l0xx_hal_rtc_ex.c:226:19:HAL_RTCEx_SetTimeStamp_IT	32	static
stm32l0xx_hal_rtc_ex.c:276:19:HAL_RTCEx_DeactivateTimeStamp	24	static
stm32l0xx_hal_rtc_ex.c:320:19:HAL_RTCEx_GetTimeStamp	32	static
stm32l0xx_hal_rtc_ex.c:371:19:HAL_RTCEx_SetTamper	24	static
stm32l0xx_hal_rtc_ex.c:524:19:HAL_RTCEx_SetTamper_IT	24	static
stm32l0xx_hal_rtc_ex.c:684:19:HAL_RTCEx_DeactivateTamper	16	static
stm32l0xx_hal_rtc_ex.c:747:6:HAL_RTCEx_TamperTimeStampIRQHandler	16	static
stm32l0xx_hal_rtc_ex.c:838:13:HAL_RTCEx_TimeStampEventCallback	16	static
stm32l0xx_hal_rtc_ex.c:853:13:HAL_RTCEx_Tamper1EventCallback	16	static
stm32l0xx_hal_rtc_ex.c:868:13:HAL_RTCEx_Tamper2EventCallback	16	static
stm32l0xx_hal_rtc_ex.c:888:13:HAL_RTCEx_Tamper3EventCallback	16	static
stm32l0xx_hal_rtc_ex.c:909:19:HAL_RTCEx_PollForTimeStampEvent	24	static
stm32l0xx_hal_rtc_ex.c:953:19:HAL_RTCEx_PollForTamper1Event	24	static
stm32l0xx_hal_rtc_ex.c:991:19:HAL_RTCEx_PollForTamper2Event	24	static
stm32l0xx_hal_rtc_ex.c:1028:19:HAL_RTCEx_PollForTamper3Event	24	static
stm32l0xx_hal_rtc_ex.c:1082:19:HAL_RTCEx_SetWakeUpTimer	32	static
stm32l0xx_hal_rtc_ex.c:1171:19:HAL_RTCEx_SetWakeUpTimer_IT	32	static
stm32l0xx_hal_rtc_ex.c:1269:10:HAL_RTCEx_DeactivateWakeUpTimer	24	static
stm32l0xx_hal_rtc_ex.c:1321:10:HAL_RTCEx_GetWakeUpTimer	16	static
stm32l0xx_hal_rtc_ex.c:1332:6:HAL_RTCEx_WakeUpTimerIRQHandler	16	static
stm32l0xx_hal_rtc_ex.c:1357:13:HAL_RTCEx_WakeUpTimerEventCallback	16	static
stm32l0xx_hal_rtc_ex.c:1374:19:HAL_RTCEx_PollForWakeUpTimerEvent	24	static
stm32l0xx_hal_rtc_ex.c:1440:6:HAL_RTCEx_BKUPWrite	32	static
stm32l0xx_hal_rtc_ex.c:1462:10:HAL_RTCEx_BKUPRead	24	static
stm32l0xx_hal_rtc_ex.c:1495:19:HAL_RTCEx_SetSmoothCalib	32	static
stm32l0xx_hal_rtc_ex.c:1563:19:HAL_RTCEx_SetSynchroShift	32	static
stm32l0xx_hal_rtc_ex.c:1656:19:HAL_RTCEx_SetCalibrationOutPut	16	static
stm32l0xx_hal_rtc_ex.c:1694:19:HAL_RTCEx_DeactivateCalibrationOutPut	16	static
stm32l0xx_hal_rtc_ex.c:1723:19:HAL_RTCEx_SetRefClock	16	static
stm32l0xx_hal_rtc_ex.c:1772:19:HAL_RTCEx_DeactivateRefClock	16	static
stm32l0xx_hal_rtc_ex.c:1823:19:HAL_RTCEx_EnableBypassShadow	16	static
stm32l0xx_hal_rtc_ex.c:1855:19:HAL_RTCEx_DisableBypassShadow	16	static
stm32l0xx_hal_rtc_ex.c:1904:13:HAL_RTCEx_AlarmBEventCallback	16	static
stm32l0xx_hal_rtc_ex.c:1920:19:HAL_RTCEx_PollForAlarmBEvent	24	static
