stm32l0xx_ll_rcc.h:727:22:LL_RCC_HSE_EnableBypass	8	static
stm32l0xx_ll_rcc.h:737:22:LL_RCC_HSE_DisableBypass	8	static
stm32l0xx_ll_rcc.h:747:22:LL_RCC_HSE_Enable	8	static
stm32l0xx_ll_rcc.h:767:26:LL_RCC_HSE_IsReady	8	static
stm32l0xx_ll_rcc.h:814:22:LL_RCC_HSI_Enable	8	static
stm32l0xx_ll_rcc.h:834:26:LL_RCC_HSI_IsReady	8	static
stm32l0xx_ll_rcc.h:1307:22:LL_RCC_SetSysClkSource	16	static
stm32l0xx_ll_rcc.h:1321:26:LL_RCC_GetSysClkSource	8	static
stm32l0xx_ll_rcc.h:1341:22:LL_RCC_SetAHBPrescaler	16	static
stm32l0xx_ll_rcc.h:1357:22:LL_RCC_SetAPB1Prescaler	16	static
stm32l0xx_ll_rcc.h:1373:22:LL_RCC_SetAPB2Prescaler	16	static
stm32l0xx_ll_rcc.h:1816:22:LL_RCC_PLL_Enable	8	static
stm32l0xx_ll_rcc.h:1837:26:LL_RCC_PLL_IsReady	8	static
stm32l0xx_ll_rcc.h:1866:22:LL_RCC_PLL_ConfigDomain_SYS	24	static
stm32l0xx_ll_utils.h:238:22:LL_InitTick	24	static
stm32l0xx_ll_system.h:933:22:LL_FLASH_SetLatency	16	static
stm32l0xx_ll_system.h:945:26:LL_FLASH_GetLatency	8	static
stm32l0xx_ll_pwr.h:303:26:LL_PWR_GetRegulVoltageScaling	8	static
stm32l0xx_ll_utils.c:166:6:LL_Init1msTick	16	static
stm32l0xx_ll_utils.c:182:6:LL_mDelay	24	static
stm32l0xx_ll_utils.c:244:6:LL_SetSystemCoreClock	16	static
stm32l0xx_ll_utils.c:268:13:LL_PLL_ConfigSystemClock_HSI	32	static
stm32l0xx_ll_utils.c:327:13:LL_PLL_ConfigSystemClock_HSE	40	static
stm32l0xx_ll_utils.c:398:20:UTILS_SetFlashLatency	24	static
stm32l0xx_ll_utils.c:458:17:UTILS_GetPLLOutputFrequency	24	static
stm32l0xx_ll_utils.c:488:20:UTILS_PLL_IsBusy	16	static
stm32l0xx_ll_utils.c:512:20:UTILS_EnablePLLAndSwitchSystem	32	static
