sx1276.c:257:10:SX1276Init	24	static
sx1276.c:291:14:SX1276GetStatus	8	static
sx1276.c:296:6:SX1276SetChannel	40	static
sx1276.c:309:6:SX1276IsChannelFree	32	static
sx1276.c:332:10:SX1276Random	16	static
sx1276.c:373:13:RxChainCalibration	40	static
sx1276.c:417:16:GetFskBandwidthRegValue	24	static
sx1276.c:432:6:SX1276SetRxConfig	32	static
sx1276.c:601:6:SX1276SetTxConfig	32	static
sx1276.c:734:10:SX1276GetTimeOnAir	104	static
sx1276.c:813:6:SX1276Send	24	static
sx1276.c:887:6:SX1276SetSleep	8	static
sx1276.c:896:6:SX1276SetStby	8	static
sx1276.c:905:6:SX1276SetRx	32	static
sx1276.c:1075:6:SX1276SetTx	16	static
sx1276.c:1138:6:SX1276StartCad	8	static
sx1276.c:1171:6:SX1276SetTxContinuousWave	72	static
sx1276.c:1191:9:SX1276ReadRssi	24	static
sx1276.c:1217:6:SX1276Reset	32	static
sx1276.c:1241:6:SX1276SetOpMode	16	static
sx1276.c:1255:6:SX1276SetModem	16	static
sx1276.c:1284:6:SX1276SetSyncWord	16	static
sx1276.c:1292:6:SX1276Write	16	static
sx1276.c:1298:9:SX1276Read	24	static
sx1276.c:1305:6:SX1276WriteBuffer	24	static
sx1276.c:1322:6:SX1276ReadBuffer	32	static
sx1276.c:1340:6:SX1276WriteFifo	16	static
sx1276.c:1345:6:SX1276ReadFifo	16	static
sx1276.c:1350:6:SX1276SetMaxPayloadLength	16	static
sx1276.c:1368:6:SX1276OnTimeoutIrq	8	static
sx1276.c:1415:6:SX1276OnDio0Irq	24	static
sx1276.c:1617:6:SX1276OnDio1Irq	8	static
sx1276.c:1695:6:SX1276OnDio2Irq	32	static
sx1276.c:1768:6:SX1276OnDio3Irq	8	static
sx1276.c:1799:6:SX1276OnDio4Irq	8	static
sx1276.c:1818:6:SX1276OnDio5Irq	8	static
