hw_rtc.c:195:6:HW_RTC_Init	8	static
hw_rtc.c:212:13:HW_RTC_SetConfig	32	static
hw_rtc.c:257:6:HW_RTC_setMcuWakeUpTime	56	static
hw_rtc.c:287:9:HW_RTC_getMcuWakeUpTime	8	static
hw_rtc.c:297:10:HW_RTC_GetMinimumTimeout	8	static
hw_rtc.c:307:10:HW_RTC_ms2Tick	24	static
hw_rtc.c:318:13:HW_RTC_Tick2ms	56	static
hw_rtc.c:329:6:HW_RTC_SetAlarm	24	static
hw_rtc.c:355:10:HW_RTC_GetTimerElapsedTime	40	static
hw_rtc.c:370:10:HW_RTC_GetTimerValue	40	static
hw_rtc.c:394:6:HW_RTC_StopAlarm	8	static
hw_rtc.c:410:6:HW_RTC_IrqHandler	8	static
hw_rtc.c:424:6:HW_RTC_DelayMs	24	static
hw_rtc.c:444:10:HW_RTC_SetTimerContext	8	static
hw_rtc.c:455:10:HW_RTC_GetTimerContext	8	static
hw_rtc.c:466:13:HW_RTC_SetAlarmConfig	8	static
hw_rtc.c:477:13:HW_RTC_StartWakeUpAlarm	64	static
hw_rtc.c:595:20:HW_RTC_GetCalendarValue	32	static
