mlm32l0xx_it.c:91:6:NMI_Handler	8	static
mlm32l0xx_it.c:103:6:HardFault_Handler	8	static
mlm32l0xx_it.c:118:6:MemManage_Handler	8	static
mlm32l0xx_it.c:131:6:BusFault_Handler	8	static
mlm32l0xx_it.c:144:6:UsageFault_Handler	8	static
mlm32l0xx_it.c:157:6:SVC_Handler	8	static
mlm32l0xx_it.c:166:6:DebugMon_Handler	8	static
mlm32l0xx_it.c:175:6:PendSV_Handler	8	static
mlm32l0xx_it.c:184:6:SysTick_Handler	8	static
mlm32l0xx_it.c:205:6:USART2_IRQHandler	8	static
mlm32l0xx_it.c:210:6:RTC_IRQHandler	8	static
mlm32l0xx_it.c:215:6:EXTI0_1_IRQHandler	8	static
mlm32l0xx_it.c:222:6:EXTI2_3_IRQHandler	8	static
mlm32l0xx_it.c:230:6:EXTI4_15_IRQHandler	8	static
