mlm32l0xx_hw.c:96:6:HW_Init	8	static
mlm32l0xx_hw.c:133:6:HW_DeInit	8	static
mlm32l0xx_hw.c:160:6:SystemClock_Config	88	static
mlm32l0xx_hw.c:205:10:HW_GetRandomSeed	8	static
mlm32l0xx_hw.c:215:6:HW_GetUniqueId	16	static
mlm32l0xx_hw.c:232:9:HW_GetBatteryLevel	32	static
mlm32l0xx_hw.c:269:6:HW_AdcInit	32	static
mlm32l0xx_hw.c:312:6:HW_AdcDeInit	8	static
mlm32l0xx_hw.c:322:10:HW_AdcReadChannel	32	static
mlm32l0xx_hw.c:370:6:HW_EnterStopMode	24	static
mlm32l0xx_hw.c:392:6:HW_ExitStopMode	24	static
mlm32l0xx_hw.c:430:6:HW_EnterSleepMode	8	static
